// Jest Snapshot v1, https://goo.gl/fbAQLP

exports[`Selector renders correctly 1`] = `
<div
  style={
    Object {
      "border": "1px solid black",
      "height": "100px",
      "width": "100px",
    }
  }
/>
`;
